
Welcome to Gradle 8.14.3!

Here are the highlights of this release:
 - Java 24 support
 - GraalVM Native Image toolchain selection
 - Enhancements to test reporting
 - Build Authoring improvements

For more details see https://docs.gradle.org/8.14.3/release-notes.html

To honour the JVM settings for this build a single-use Daemon process will be forked. For more on this, please refer to https://docs.gradle.org/8.14.3/userguide/gradle_daemon.html#sec:disabling_the_daemon in the Gradle documentation.
Daemon will be stopped at the end of the build 
> Task :compileJava UP-TO-DATE
> Task :processResources
> Task :classes
> Task :resolveMainClassName

> Task :bootRun

  .   ____          _            __ _ _
 /\\ / ___'_ __ _ _(_)_ __  __ _ \ \ \ \
( ( )\___ | '_ | '_| | '_ \/ _` | \ \ \ \
 \\/  ___)| |_)| | | | | || (_| |  ) ) ) )
  '  |____| .__|_| |_|_| |_\__, | / / / /
 =========|_|==============|___/=/_/_/_/

 :: Spring Boot ::                (v3.5.5)

2025-09-09T15:12:15.245+03:00  INFO 19248 --- [prakt3] [           main] com.example.prakt3.Prakt3Application     : Starting Prakt3Application using Java 17.0.16 with PID 19248 (C:\Users\Mathew\Desktop\Єхїэшъєь\4-щ ъєЁё\╙╧ Spring\relation\prakt3\build\classes\java\main started by Mathew in C:\Users\Mathew\Desktop\Єхїэшъєь\4-щ ъєЁё\╙╧ Spring\relation\prakt3)
2025-09-09T15:12:15.251+03:00  INFO 19248 --- [prakt3] [           main] com.example.prakt3.Prakt3Application     : No active profile set, falling back to 1 default profile: "default"
2025-09-09T15:12:16.351+03:00  INFO 19248 --- [prakt3] [           main] .s.d.r.c.RepositoryConfigurationDelegate : Bootstrapping Spring Data JPA repositories in DEFAULT mode.
2025-09-09T15:12:16.488+03:00  INFO 19248 --- [prakt3] [           main] .s.d.r.c.RepositoryConfigurationDelegate : Finished Spring Data repository scanning in 118 ms. Found 5 JPA repository interfaces.
2025-09-09T15:12:17.313+03:00  INFO 19248 --- [prakt3] [           main] o.s.b.w.embedded.tomcat.TomcatWebServer  : Tomcat initialized with port 8080 (http)
2025-09-09T15:12:17.341+03:00  INFO 19248 --- [prakt3] [           main] o.apache.catalina.core.StandardService   : Starting service [Tomcat]
2025-09-09T15:12:17.341+03:00  INFO 19248 --- [prakt3] [           main] o.apache.catalina.core.StandardEngine    : Starting Servlet engine: [Apache Tomcat/10.1.44]
2025-09-09T15:12:17.448+03:00  INFO 19248 --- [prakt3] [           main] o.a.c.c.C.[Tomcat].[localhost].[/]       : Initializing Spring embedded WebApplicationContext
2025-09-09T15:12:17.449+03:00  INFO 19248 --- [prakt3] [           main] w.s.c.ServletWebServerApplicationContext : Root WebApplicationContext: initialization completed in 2121 ms
2025-09-09T15:12:17.724+03:00  INFO 19248 --- [prakt3] [           main] o.hibernate.jpa.internal.util.LogHelper  : HHH000204: Processing PersistenceUnitInfo [name: default]
2025-09-09T15:12:17.827+03:00  INFO 19248 --- [prakt3] [           main] org.hibernate.Version                    : HHH000412: Hibernate ORM core version 6.6.26.Final
2025-09-09T15:12:17.892+03:00  INFO 19248 --- [prakt3] [           main] o.h.c.internal.RegionFactoryInitiator    : HHH000026: Second-level cache disabled
2025-09-09T15:12:18.418+03:00  INFO 19248 --- [prakt3] [           main] o.s.o.j.p.SpringPersistenceUnitInfo      : No LoadTimeWeaver setup: ignoring JPA class transformer
2025-09-09T15:12:18.474+03:00  INFO 19248 --- [prakt3] [           main] com.zaxxer.hikari.HikariDataSource       : HikariPool-1 - Starting...
2025-09-09T15:12:18.845+03:00  INFO 19248 --- [prakt3] [           main] com.zaxxer.hikari.pool.HikariPool        : HikariPool-1 - Added connection conn0: url=jdbc:h2:mem:prakt3db user=SA
2025-09-09T15:12:18.848+03:00  INFO 19248 --- [prakt3] [           main] com.zaxxer.hikari.HikariDataSource       : HikariPool-1 - Start completed.
2025-09-09T15:12:18.960+03:00  INFO 19248 --- [prakt3] [           main] org.hibernate.orm.connections.pooling    : HHH10001005: Database info:
	Database JDBC URL [Connecting through datasource 'HikariDataSource (HikariPool-1)']
	Database driver: undefined/unknown
	Database version: 2.3.232
	Autocommit mode: undefined/unknown
	Isolation level: undefined/unknown
	Minimum pool size: undefined/unknown
	Maximum pool size: undefined/unknown
2025-09-09T15:12:21.024+03:00  INFO 19248 --- [prakt3] [           main] o.h.e.t.j.p.i.JtaPlatformInitiator       : HHH000489: No JTA platform available (set 'hibernate.transaction.jta.platform' to enable JTA platform integration)
Hibernate: 
    create table author (
        id bigint generated by default as identity,
        deleted boolean not null,
        email varchar(150),
        name varchar(100) not null,
        primary key (id)
    )
Hibernate: 
    create table book (
        id bigint generated by default as identity,
        deleted boolean not null,
        title varchar(200) not null,
        year_published integer not null,
        author_id bigint not null,
        publisher_id bigint,
        primary key (id)
    )
Hibernate: 
    create table book_category (
        book_id bigint not null,
        category_id bigint not null,
        primary key (book_id, category_id)
    )
Hibernate: 
    create table category (
        id bigint generated by default as identity,
        deleted boolean not null,
        name varchar(100) not null,
        primary key (id)
    )
Hibernate: 
    create table profile (
        id bigint generated by default as identity,
        bio varchar(200) not null,
        author_id bigint not null,
        primary key (id)
    )
Hibernate: 
    create table publisher (
        id bigint generated by default as identity,
        deleted boolean not null,
        name varchar(150) not null,
        primary key (id)
    )
Hibernate: 
    alter table if exists profile 
       drop constraint if exists UK5xm4sbtuxw6wqa7tn6lyxvnmh
Hibernate: 
    alter table if exists profile 
       add constraint UK5xm4sbtuxw6wqa7tn6lyxvnmh unique (author_id)
Hibernate: 
    alter table if exists book 
       add constraint FKklnrv3weler2ftkweewlky958 
       foreign key (author_id) 
       references author
Hibernate: 
    alter table if exists book 
       add constraint FKgtvt7p649s4x80y6f4842pnfq 
       foreign key (publisher_id) 
       references publisher
Hibernate: 
    alter table if exists book_category 
       add constraint FKam8llderp40mvbbwceqpu6l2s 
       foreign key (category_id) 
       references category
Hibernate: 
    alter table if exists book_category 
       add constraint FKnyegcbpvce2mnmg26h0i856fd 
       foreign key (book_id) 
       references book
Hibernate: 
    alter table if exists profile 
       add constraint FKqpx15yikryh8fwcur6dkfbn3l 
       foreign key (author_id) 
       references author
2025-09-09T15:12:21.199+03:00  INFO 19248 --- [prakt3] [           main] j.LocalContainerEntityManagerFactoryBean : Initialized JPA EntityManagerFactory for persistence unit 'default'
2025-09-09T15:12:21.765+03:00  INFO 19248 --- [prakt3] [           main] o.s.d.j.r.query.QueryEnhancerFactory     : Hibernate is in classpath; If applicable, HQL parser will be used.
2025-09-09T15:12:23.765+03:00  WARN 19248 --- [prakt3] [           main] JpaBaseConfiguration$JpaWebConfiguration : spring.jpa.open-in-view is enabled by default. Therefore, database queries may be performed during view rendering. Explicitly configure spring.jpa.open-in-view to disable this warning
2025-09-09T15:12:24.255+03:00  INFO 19248 --- [prakt3] [           main] o.s.b.a.h2.H2ConsoleAutoConfiguration    : H2 console available at '/h2-console'. Database available at 'jdbc:h2:mem:prakt3db'
2025-09-09T15:12:24.397+03:00  INFO 19248 --- [prakt3] [           main] o.s.b.w.embedded.tomcat.TomcatWebServer  : Tomcat started on port 8080 (http) with context path '/'
2025-09-09T15:12:24.413+03:00  INFO 19248 --- [prakt3] [           main] com.example.prakt3.Prakt3Application     : Started Prakt3Application in 9.98 seconds (process running for 10.593)
Завершить выполнение пакетного файла [Y(да)/N(нет)]? Завершить выполнение пакетного файла [Y(да)/N(нет)]? 
^C